Collecting fastapi>=0.141.1 (from -r C:\Users\User\Desktop\myProject\ResultScope\requirements.txt (line 1))
  Downloading fastapi-0.142.2-py3-none-any.whl.metadata (27 kB)
Collecting httpx>=0.28.1 (from -r C:\Users\User\Desktop\myProject\ResultScope\requirements.txt (line 2))
  Using cached httpx-0.28.1-py3-none-any.whl.metadata (7.1 kB)
Collecting jinja2>=3.1.6 (from -r C:\Users\User\Desktop\myProject\ResultScope\requirements.txt (line 3))
  Downloading jinja2-3.1.6-py3-none-any.whl.metadata (2.9 kB)
Collecting pydantic-settings>=2.15.0 (from -r C:\Users\User\Desktop\myProject\ResultScope\requirements.txt (line 4))
  Downloading pydantic_settings-2.15.0-py3-none-any.whl.metadata (3.9 kB)
Collecting python-dotenv>=1.2.2 (from -r C:\Users\User\Desktop\myProject\ResultScope\requirements.txt (line 5))
  Downloading python_dotenv-1.2.4-py3-none-any.whl.metadata (29 kB)
Collecting uvicorn>=0.52.1 (from uvicorn[standard]>=0.52.1->-r C:\Users\User\Desktop\myProject\ResultScope\requirements.txt (line 6))
  Using cached uvicorn-0.54.0-py3-none-any.whl.metadata (6.6 kB)
Collecting pytest>=8.3.0 (from -r requirements-dev.txt (line 2))
  Downloading pytest-9.1.1-py3-none-any.whl.metadata (7.6 kB)
Collecting starlette>=0.46.0 (from fastapi>=0.141.1->-r C:\Users\User\Desktop\myProject\ResultScope\requirements.txt (line 1))
  Using cached starlette-1.7.0-py3-none-any.whl.metadata (6.6 kB)
Collecting pydantic>=2.9.0 (from fastapi>=0.141.1->-r C:\Users\User\Desktop\myProject\ResultScope\requirements.txt (line 1))
  Using cached pydantic-2.13.5-py3-none-any.whl.metadata (110 kB)
Collecting typing-extensions>=4.8.0 (from fastapi>=0.141.1->-r C:\Users\User\Desktop\myProject\ResultScope\requirements.txt (line 1))
  Using cached typing_extensions-4.16.0-py3-none-any.whl.metadata (3.3 kB)
Collecting typing-inspection>=0.4.2 (from fastapi>=0.141.1->-r C:\Users\User\Desktop\myProject\ResultScope\requirements.txt (line 1))
  Using cached typing_inspection-0.4.4-py3-none-any.whl.metadata (2.6 kB)
Collecting annotated-doc>=0.0.2 (from fastapi>=0.141.1->-r C:\Users\User\Desktop\myProject\ResultScope\requirements.txt (line 1))
  Using cached annotated_doc-0.0.5-py3-none-any.whl.metadata (6.5 kB)
Collecting opentelemetry-api>=1.44.0 (from fastapi>=0.141.1->-r C:\Users\User\Desktop\myProject\ResultScope\requirements.txt (line 1))
  Using cached opentelemetry_api-1.45.0-py3-none-any.whl.metadata (1.4 kB)
Collecting anyio (from httpx>=0.28.1->-r C:\Users\User\Desktop\myProject\ResultScope\requirements.txt (line 2))
  Using cached anyio-4.15.1-py3-none-any.whl.metadata (4.7 kB)
Collecting certifi (from httpx>=0.28.1->-r C:\Users\User\Desktop\myProject\ResultScope\requirements.txt (line 2))
  Using cached certifi-2026.7.22-py3-none-any.whl.metadata (2.5 kB)
Collecting httpcore==1.* (from httpx>=0.28.1->-r C:\Users\User\Desktop\myProject\ResultScope\requirements.txt (line 2))
  Using cached httpcore-1.0.9-py3-none-any.whl.metadata (21 kB)
Collecting idna (from httpx>=0.28.1->-r C:\Users\User\Desktop\myProject\ResultScope\requirements.txt (line 2))
  Using cached idna-3.20-py3-none-any.whl.metadata (7.2 kB)
Collecting h11>=0.16 (from httpcore==1.*->httpx>=0.28.1->-r C:\Users\User\Desktop\myProject\ResultScope\requirements.txt (line 2))
  Using cached h11-0.16.0-py3-none-any.whl.metadata (8.3 kB)
Collecting MarkupSafe>=2.0 (from jinja2>=3.1.6->-r C:\Users\User\Desktop\myProject\ResultScope\requirements.txt (line 3))
  Downloading markupsafe-3.0.3-cp313-cp313-win_amd64.whl.metadata (2.8 kB)
Collecting click>=7.0 (from uvicorn>=0.52.1->uvicorn[standard]>=0.52.1->-r C:\Users\User\Desktop\myProject\ResultScope\requirements.txt (line 6))
  Using cached click-8.5.0-py3-none-any.whl.metadata (2.6 kB)
Collecting colorama>=0.4 (from pytest>=8.3.0->-r requirements-dev.txt (line 2))
  Using cached colorama-0.4.6-py2.py3-none-any.whl.metadata (17 kB)
Collecting iniconfig>=1.0.1 (from pytest>=8.3.0->-r requirements-dev.txt (line 2))
  Using cached iniconfig-2.3.0-py3-none-any.whl.metadata (2.5 kB)
Collecting packaging>=22 (from pytest>=8.3.0->-r requirements-dev.txt (line 2))
  Using cached packaging-26.3-py3-none-any.whl.metadata (3.5 kB)
Collecting pluggy<2,>=1.5 (from pytest>=8.3.0->-r requirements-dev.txt (line 2))
  Using cached pluggy-1.6.0-py3-none-any.whl.metadata (4.8 kB)
Collecting pygments>=2.7.2 (from pytest>=8.3.0->-r requirements-dev.txt (line 2))
  Using cached pygments-2.21.0-py3-none-any.whl.metadata (2.5 kB)
Collecting annotated-types>=0.6.0 (from pydantic>=2.9.0->fastapi>=0.141.1->-r C:\Users\User\Desktop\myProject\ResultScope\requirements.txt (line 1))
  Using cached annotated_types-0.8.0-py3-none-any.whl.metadata (15 kB)
Collecting pydantic-core==2.46.5 (from pydantic>=2.9.0->fastapi>=0.141.1->-r C:\Users\User\Desktop\myProject\ResultScope\requirements.txt (line 1))
  Using cached pydantic_core-2.46.5-cp313-cp313-win_amd64.whl.metadata (6.7 kB)
Collecting httptools>=0.8.0 (from uvicorn[standard]>=0.52.1->-r C:\Users\User\Desktop\myProject\ResultScope\requirements.txt (line 6))
  Downloading httptools-0.8.0-cp313-cp313-win_amd64.whl.metadata (3.7 kB)
Collecting pyyaml>=5.1 (from uvicorn[standard]>=0.52.1->-r C:\Users\User\Desktop\myProject\ResultScope\requirements.txt (line 6))
  Downloading pyyaml-6.0.3-cp313-cp313-win_amd64.whl.metadata (2.4 kB)
Collecting watchfiles>=0.20 (from uvicorn[standard]>=0.52.1->-r C:\Users\User\Desktop\myProject\ResultScope\requirements.txt (line 6))
  Downloading watchfiles-1.3.0-cp310-abi3-win_amd64.whl.metadata (5.0 kB)
Collecting websockets>=13.0 (from uvicorn[standard]>=0.52.1->-r C:\Users\User\Desktop\myProject\ResultScope\requirements.txt (line 6))
  Downloading websockets-17.1-cp313-cp313-win_amd64.whl.metadata (6.5 kB)
Downloading fastapi-0.142.2-py3-none-any.whl (144 kB)
Using cached httpx-0.28.1-py3-none-any.whl (73 kB)
Using cached httpcore-1.0.9-py3-none-any.whl (78 kB)
Downloading jinja2-3.1.6-py3-none-any.whl (134 kB)
Downloading pydantic_settings-2.15.0-py3-none-any.whl (69 kB)
Downloading python_dotenv-1.2.4-py3-none-any.whl (23 kB)
Using cached uvicorn-0.54.0-py3-none-any.whl (87 kB)
Downloading pytest-9.1.1-py3-none-any.whl (386 kB)
Using cached pluggy-1.6.0-py3-none-any.whl (20 kB)
Using cached annotated_doc-0.0.5-py3-none-any.whl (5.3 kB)
Using cached click-8.5.0-py3-none-any.whl (125 kB)
Using cached colorama-0.4.6-py2.py3-none-any.whl (25 kB)
Using cached h11-0.16.0-py3-none-any.whl (37 kB)
Using cached iniconfig-2.3.0-py3-none-any.whl (7.5 kB)
Downloading markupsafe-3.0.3-cp313-cp313-win_amd64.whl (15 kB)
Using cached opentelemetry_api-1.45.0-py3-none-any.whl (60 kB)
Using cached packaging-26.3-py3-none-any.whl (129 kB)
Using cached pydantic-2.13.5-py3-none-any.whl (472 kB)
Using cached pydantic_core-2.46.5-cp313-cp313-win_amd64.whl (2.0 MB)
Using cached annotated_types-0.8.0-py3-none-any.whl (13 kB)
Using cached pygments-2.21.0-py3-none-any.whl (1.3 MB)
Using cached starlette-1.7.0-py3-none-any.whl (78 kB)
Using cached anyio-4.15.1-py3-none-any.whl (132 kB)
Using cached idna-3.20-py3-none-any.whl (69 kB)
Using cached typing_extensions-4.16.0-py3-none-any.whl (45 kB)
Using cached typing_inspection-0.4.4-py3-none-any.whl (14 kB)
Downloading httptools-0.8.0-cp313-cp313-win_amd64.whl (90 kB)
Downloading pyyaml-6.0.3-cp313-cp313-win_amd64.whl (154 kB)
Downloading watchfiles-1.3.0-cp310-abi3-win_amd64.whl (290 kB)
Downloading websockets-17.1-cp313-cp313-win_amd64.whl (217 kB)
Using cached certifi-2026.7.22-py3-none-any.whl (136 kB)
Installing collected packages: websockets, typing-extensions, pyyaml, python-dotenv, pygments, pluggy, packaging, MarkupSafe, iniconfig, idna, httptools, h11, colorama, click, certifi, annotated-types, annotated-doc, uvicorn, typing-inspection, pytest, pydantic-core, opentelemetry-api, jinja2, httpcore, anyio, watchfiles, starlette, pydantic, httpx, pydantic-settings, fastapi

Successfully installed MarkupSafe-3.0.3 annotated-doc-0.0.5 annotated-types-0.8.0 anyio-4.15.1 certifi-2026.7.22 click-8.5.0 colorama-0.4.6 fastapi-0.142.2 h11-0.16.0 httpcore-1.0.9 httptools-0.8.0 httpx-0.28.1 idna-3.20 iniconfig-2.3.0 jinja2-3.1.6 opentelemetry-api-1.45.0 packaging-26.3 pluggy-1.6.0 pydantic-2.13.5 pydantic-core-2.46.5 pydantic-settings-2.15.0 pygments-2.21.0 pytest-9.1.1 python-dotenv-1.2.4 pyyaml-6.0.3 starlette-1.7.0 typing-extensions-4.16.0 typing-inspection-0.4.4 uvicorn-0.54.0 watchfiles-1.3.0 websockets-17.1
.........................                                                [100%]
============================== warnings summary ===============================
.venv\Lib\site-packages\fastapi\testclient.py:1
  C:\Users\User\Desktop\myProject\ResultScope\.venv\Lib\site-packages\fastapi\testclient.py:1: StarletteDeprecationWarning: Using `httpx` with `starlette.testclient` is deprecated; install `httpx2` instead.
    from starlette.testclient import TestClient as TestClient  # noqa

-- Docs: https://docs.pytest.org/en/stable/how-to/capture-warnings.html
25 passed, 1 warning in 0.96s
Checks passed.
EXIT_CODE=0
